[debug] [2026-05-09T20:54:39.246Z] ----------------------------------------------------------------------
[debug] [2026-05-09T20:54:39.249Z] Command:       C:\nvm4w\nodejs\node.exe C:\nvm4w\nodejs\node_modules\firebase-tools\lib\bin\firebase.js deploy
[debug] [2026-05-09T20:54:39.250Z] CLI Version:   15.9.1
[debug] [2026-05-09T20:54:39.250Z] Platform:      win32
[debug] [2026-05-09T20:54:39.250Z] Node Version:  v20.20.1
[debug] [2026-05-09T20:54:39.250Z] Time:          Sat May 09 2026 17:54:39 GMT-0300 (Horário Padrão de Brasília)
[debug] [2026-05-09T20:54:39.250Z] ----------------------------------------------------------------------
[debug] 
[debug] [2026-05-09T20:54:42.022Z] > command requires scopes: ["email","openid","https://www.googleapis.com/auth/cloudplatformprojects.readonly","https://www.googleapis.com/auth/firebase","https://www.googleapis.com/auth/cloud-platform"]
[debug] [2026-05-09T20:54:42.022Z] > authorizing via signed-in user (christiannabasbarreto@gmail.com)
[debug] [2026-05-09T20:54:42.022Z] [iam] checking project gen-fireapp for permissions ["cloudfunctions.functions.create","cloudfunctions.functions.delete","cloudfunctions.functions.get","cloudfunctions.functions.list","cloudfunctions.functions.update","cloudfunctions.operations.get","datastore.indexes.create","datastore.indexes.delete","datastore.indexes.list","datastore.indexes.update","firebase.projects.get","firebase.projects.update","firebaseauth.configs.update","firebasehosting.sites.update","firebaserules.releases.create","firebaserules.releases.update","firebaserules.rulesets.create"]
[debug] [2026-05-09T20:54:42.025Z] Checked if tokens are valid: true, expires at: 1778363372945
[debug] [2026-05-09T20:54:42.025Z] Checked if tokens are valid: true, expires at: 1778363372945
[debug] [2026-05-09T20:54:42.027Z] >>> [apiv2][query] POST https://cloudresourcemanager.googleapis.com/v1/projects/gen-fireapp:testIamPermissions [none]
[debug] [2026-05-09T20:54:42.027Z] >>> [apiv2][(partial)header] POST https://cloudresourcemanager.googleapis.com/v1/projects/gen-fireapp:testIamPermissions  x-goog-user-project=gen-fireapp
[debug] [2026-05-09T20:54:42.027Z] >>> [apiv2][body] POST https://cloudresourcemanager.googleapis.com/v1/projects/gen-fireapp:testIamPermissions {"permissions":["cloudfunctions.functions.create","cloudfunctions.functions.delete","cloudfunctions.functions.get","cloudfunctions.functions.list","cloudfunctions.functions.update","cloudfunctions.operations.get","datastore.indexes.create","datastore.indexes.delete","datastore.indexes.list","datastore.indexes.update","firebase.projects.get","firebase.projects.update","firebaseauth.configs.update","firebasehosting.sites.update","firebaserules.releases.create","firebaserules.releases.update","firebaserules.rulesets.create"]}
[debug] [2026-05-09T20:54:43.175Z] <<< [apiv2][status] POST https://cloudresourcemanager.googleapis.com/v1/projects/gen-fireapp:testIamPermissions 200
[debug] [2026-05-09T20:54:43.176Z] <<< [apiv2][body] POST https://cloudresourcemanager.googleapis.com/v1/projects/gen-fireapp:testIamPermissions {"permissions":["cloudfunctions.functions.create","cloudfunctions.functions.delete","cloudfunctions.functions.get","cloudfunctions.functions.list","cloudfunctions.functions.update","cloudfunctions.operations.get","datastore.indexes.create","datastore.indexes.delete","datastore.indexes.list","datastore.indexes.update","firebase.projects.get","firebase.projects.update","firebaseauth.configs.update","firebasehosting.sites.update","firebaserules.releases.create","firebaserules.releases.update","firebaserules.rulesets.create"]}
[debug] [2026-05-09T20:54:43.176Z] Checked if tokens are valid: true, expires at: 1778363372945
[debug] [2026-05-09T20:54:43.177Z] Checked if tokens are valid: true, expires at: 1778363372945
[debug] [2026-05-09T20:54:43.177Z] >>> [apiv2][query] POST https://iam.googleapis.com/v1/projects/gen-fireapp/serviceAccounts/gen-fireapp@appspot.gserviceaccount.com:testIamPermissions [none]
[debug] [2026-05-09T20:54:43.177Z] >>> [apiv2][body] POST https://iam.googleapis.com/v1/projects/gen-fireapp/serviceAccounts/gen-fireapp@appspot.gserviceaccount.com:testIamPermissions {"permissions":["iam.serviceAccounts.actAs"]}
[debug] [2026-05-09T20:54:44.094Z] <<< [apiv2][status] POST https://iam.googleapis.com/v1/projects/gen-fireapp/serviceAccounts/gen-fireapp@appspot.gserviceaccount.com:testIamPermissions 200
[debug] [2026-05-09T20:54:44.095Z] <<< [apiv2][body] POST https://iam.googleapis.com/v1/projects/gen-fireapp/serviceAccounts/gen-fireapp@appspot.gserviceaccount.com:testIamPermissions {"permissions":["iam.serviceAccounts.actAs"]}
[debug] [2026-05-09T20:54:44.096Z] Checked if tokens are valid: true, expires at: 1778363372945
[debug] [2026-05-09T20:54:44.096Z] Checked if tokens are valid: true, expires at: 1778363372945
[debug] [2026-05-09T20:54:44.097Z] >>> [apiv2][query] GET https://firebase.googleapis.com/v1beta1/projects/gen-fireapp [none]
[debug] [2026-05-09T20:54:44.555Z] <<< [apiv2][status] GET https://firebase.googleapis.com/v1beta1/projects/gen-fireapp 200
[debug] [2026-05-09T20:54:44.556Z] <<< [apiv2][body] GET https://firebase.googleapis.com/v1beta1/projects/gen-fireapp {"projectId":"gen-fireapp","projectNumber":"158103708311","displayName":"gen-fireapp","name":"projects/gen-fireapp","resources":{"hostingSite":"gen-fireapp"},"state":"ACTIVE","etag":"1_732cf5b1-76b8-418a-bb01-c88a2b5393fe"}
[info] 
[info] === Deploying to 'gen-fireapp'...
[info] 
[info] i  deploying storage, firestore, functions, hosting, auth 
[info] Running command: npm --prefix "$RESOURCE_DIR" run build
